[2026-06-17 09:54:31] [INFO] =====================================================
[2026-06-17 09:54:31] [INFO] AZURE BACKUP MONITOR v5.2
[2026-06-17 09:54:31] [INFO] Auth Flow : Silent MSAL cache -> Browser -> Device
[2026-06-17 09:54:31] [INFO] Safety    : READ-ONLY — Zero resource modifications
[2026-06-17 09:54:31] [INFO] Scope     : Auto-scan ALL tenants/subscriptions
[2026-06-17 09:54:31] [INFO] Report    : C:\azure monitor\AzureBackupReport_20260617_095431.html
[2026-06-17 09:54:31] [INFO] =====================================================
[2026-06-17 09:54:31] [INFO] Checking prerequisites...
[2026-06-17 09:54:31] [SUCCESS] All prerequisites satisfied.
[2026-06-17 09:54:31] [SECTION] -- Azure Session Check (v5.2 Token-Cache Mode) --
[2026-06-17 09:54:37] [SUCCESS] Active session: tharun.ms@muraai.com
[2026-06-17 09:54:37] [INFO] Discovering tenants...
[2026-06-17 09:54:40] [SUCCESS] Tenants to process: 1
[2026-06-17 09:54:40] [INFO]   + Muraai Information Technologies Pvt Ltd (583bbc8b-b4b7-4e5f-900d-c0554b41e2eb)
[2026-06-17 09:54:40] [INFO] Acquiring/validating tokens per tenant...
[2026-06-17 09:54:40] [INFO]   ⟳ [SILENT] Trying MSAL cache: Muraai Information Technologies Pvt Ltd (583bbc8b-b4b7-4e5f-900d-c0554b41e2eb)
[2026-06-17 09:54:41] [SUCCESS]   ✓ [SILENT OK] Muraai Information Technologies Pvt Ltd (583bbc8b-b4b7-4e5f-900d-c0554b41e2eb)
[2026-06-17 09:54:41] [SUCCESS] Ready. Valid tenant(s): 1
[2026-06-17 09:54:41] [SECTION] =================================================
[2026-06-17 09:54:41] [SECTION] TENANT: Muraai Information Technologies Pvt Ltd (583bbc8b-b4b7-4e5f-900d-c0554b41e2eb)
[2026-06-17 09:54:41] [SECTION] =================================================
[2026-06-17 09:54:43] [SUCCESS] Found 3 subscription(s) in [Muraai Information Technologies Pvt Ltd (583bbc8b-b4b7-4e5f-900d-c0554b41e2eb)].
[2026-06-17 09:54:43] [INFO]   Subscription: [Conduent] (4d53263e-cc44-43f9-acf0-fb6b7b3b6498)
[2026-06-17 09:54:54] [INFO]     Found 6 vault(s).
[2026-06-17 09:54:54] [INFO]       Vault: [cndt-nonprod-vault]  RG: [cndt-nonprod]
[2026-06-17 09:54:57] [INFO]           [RP-OK] cndt-nonprod-ic-vm : Application Consistent | Snapshot and Vault-Standard (10 RPs)
[2026-06-17 09:54:59] [INFO]           [RP-OK] cndt-nonprod-mbir-vm : Application Consistent | Snapshot and Vault-Standard (10 RPs)
[2026-06-17 09:54:59] [SUCCESS]         VM backups processed: 2
[2026-06-17 09:55:24] [SUCCESS]         File Share backups processed: 20
[2026-06-17 09:55:24] [INFO]       Vault: [stellantis-prod-rsv]  RG: [stellantis-prod-rg]
[2026-06-17 09:55:26] [INFO]           [RP-OK] stellantis-prod-mbir-vm : Application Consistent | Snapshot and Vault-Standard (8 RPs)
[2026-06-17 09:55:26] [SUCCESS]         VM backups processed: 1
[2026-06-17 09:55:42] [SUCCESS]         File Share backups processed: 11
[2026-06-17 09:55:42] [INFO]       Vault: [cndt-dev-asr]  RG: [conduent-dev-rg]
[2026-06-17 09:55:46] [INFO]           [RP-OK] cndt-dev-appworks-vm : Application Consistent | Snapshot and Vault-Standard (10 RPs)
[2026-06-17 09:55:47] [INFO]           [RP-OK] cndt-dev-cs-vm : Application Consistent | Snapshot and Vault-Standard (11 RPs)
[2026-06-17 09:55:49] [INFO]           [RP-OK] cndt-dev-ic-01 : Application Consistent | Snapshot and Vault-Standard (10 RPs)
[2026-06-17 09:55:50] [INFO]           [RP-OK] cndt-dev-ic-vm : Application Consistent | Snapshot and Vault-Standard (9 RPs)
[2026-06-17 09:55:52] [INFO]           [RP-OK] cndt-uat-appowrks-vm : Application Consistent | Snapshot and Vault-Standard (10 RPs)
[2026-06-17 09:55:53] [INFO]           [RP-OK] conduent-dev-db-vm : File-System Consistent | Snapshot and Vault-Standard (10 RPs)
[2026-06-17 09:55:54] [WARN]           [RP-MISS] conduent-dev-ic-vm
[2026-06-17 09:55:54] [SUCCESS]         VM backups processed: 7
[2026-06-17 09:55:58] [SUCCESS]         File Share backups processed: 2
[2026-06-17 09:55:58] [INFO]       Vault: [conduent-prod-asr]  RG: [conduent-prod-rg]
[2026-06-17 09:56:02] [INFO]           [RP-OK] cndt-prod-awp-node1 : Application Consistent | Snapshot and Vault-Standard (8 RPs)
[2026-06-17 09:56:03] [INFO]           [RP-OK] cndt-prod-awp-node2 : Application Consistent | Snapshot and Vault-Standard (8 RPs)
[2026-06-17 09:56:05] [INFO]           [RP-OK] cndt-prod-ds-vm : Application Consistent | Snapshot and Vault-Standard (8 RPs)
[2026-06-17 09:56:06] [INFO]           [RP-OK] cndt-prod-ic-vm-new : Application Consistent | Snapshot and Vault-Standard (9 RPs)
[2026-06-17 09:56:08] [WARN]           [RP-MISS] conduent-prod-app-vmss_4e8e74a6
[2026-06-17 09:56:09] [WARN]           [RP-MISS] conduent-prod-app-vmss_ff3a0427
[2026-06-17 09:56:10] [INFO]           [RP-OK] conduent-prod-cs-vm : Application Consistent | Snapshot (8 RPs)
[2026-06-17 09:56:12] [INFO]           [RP-OK] conduent-prod-mbir-vm : Application Consistent | Snapshot and Vault-Standard (8 RPs)
[2026-06-17 09:56:12] [SUCCESS]         VM backups processed: 8
[2026-06-17 09:56:13] [INFO]       Vault: [allegion-prod-asr]  RG: [allegion-prod-rg]
[2026-06-17 09:56:16] [INFO]         No backup items in vault [allegion-prod-asr].
[2026-06-17 09:56:16] [INFO]       Vault: [allegion-prod-rsv]  RG: [allegion-prod-rg]
[2026-06-17 09:56:20] [INFO]           [RP-OK] allegion-prod-ic-vm : Application Consistent | Snapshot (31 RPs)
[2026-06-17 09:56:23] [INFO]           [RP-OK] allegion-prod-mbir-vm : Application Consistent | Snapshot (31 RPs)
[2026-06-17 09:56:23] [SUCCESS]         VM backups processed: 2
[2026-06-17 09:56:49] [SUCCESS]         File Share backups processed: 9
[2026-06-17 09:56:49] [INFO]   Subscription: [FLSmidth] (a43f1503-82e7-43ef-85df-c391ec5d9e50)
[2026-06-17 09:57:02] [INFO]     Found 2 vault(s).
[2026-06-17 09:57:02] [INFO]       Vault: [fls-prod-asr]  RG: [flsmidth-prod-rg]
[2026-06-17 09:57:06] [INFO]           [RP-OK] fls-prod-ic-vm : Application Consistent | Snapshot and Vault-Standard (12 RPs)
[2026-06-17 09:57:07] [WARN]           [RP-MISS] flsmidth-prod-ic-vm
[2026-06-17 09:57:10] [INFO]           [RP-OK] flsmidth-prod-mbir-vm : Application Consistent | Snapshot and Vault-Standard (11 RPs)
[2026-06-17 09:57:10] [SUCCESS]         VM backups processed: 3
[2026-06-17 09:58:01] [SUCCESS]         File Share backups processed: 22
[2026-06-17 09:58:01] [INFO]       Vault: [flsmidth-recovery-service-vault]  RG: [flsmidth-controller-rg]
[2026-06-17 09:58:04] [INFO]           [RP-OK] fls-dev-ic-vm : Application Consistent | Snapshot and Vault-Standard (15 RPs)
[2026-06-17 09:58:06] [WARN]           [RP-MISS] fls-nonprod-mbir-vm
[2026-06-17 09:58:07] [WARN]           [RP-MISS] fls-scs-vm
[2026-06-17 09:58:08] [WARN]           [RP-MISS] flsmidth-dev-ic-server
[2026-06-17 09:58:09] [WARN]           [RP-MISS] flsmidth-dev-vm
[2026-06-17 09:58:10] [WARN]           [RP-MISS] flsmidth-scs-vm
[2026-06-17 09:58:11] [SUCCESS]         VM backups processed: 6
[2026-06-17 09:59:11] [SUCCESS]         File Share backups processed: 34
[2026-06-17 09:59:11] [INFO]   Subscription: [MuraaiInfra] (908be3fa-00d1-4196-b5c9-31096bc10a68)
[2026-06-17 09:59:23] [INFO]     Found 1 vault(s).
[2026-06-17 09:59:23] [INFO]       Vault: [muraai-backup-vault]  RG: [muraai-controller-rg]
[2026-06-17 09:59:25] [INFO]           [RP-OK] muraaisims-demo-ic-vm : Application Consistent | Snapshot (9 RPs)
[2026-06-17 09:59:26] [INFO]           [RP-OK] muraaisims-demo-mbir-vm : Application Consistent | Snapshot (8 RPs)
[2026-06-17 09:59:28] [INFO]           [RP-OK] muraaisims-demo-occ-vm : Application Consistent | Snapshot (9 RPs)
[2026-06-17 09:59:28] [SUCCESS]         VM backups processed: 3
[2026-06-17 10:00:20] [SUCCESS]         File Share backups processed: 47
[2026-06-17 10:00:20] [SUCCESS] Data collection complete. Total records: 178
[2026-06-17 10:00:20] [INFO] Building HTML report...
[2026-06-17 10:00:22] [SUCCESS] Report saved: C:\azure monitor\AzureBackupReport_20260617_095431.html
[2026-06-17 10:00:22] [SUCCESS] =====================================================
[2026-06-17 10:00:22] [SUCCESS] COMPLETE
[2026-06-17 10:00:22] [SUCCESS] Report : C:\azure monitor\AzureBackupReport_20260617_095431.html
[2026-06-17 10:00:22] [SUCCESS] Log    : C:\azure monitor\AzureBackupMonitor_20260617_095431.log
[2026-06-17 10:00:22] [SUCCESS] =====================================================
